// Jest Snapshot v1, https://goo.gl/fbAQLP

exports[`<ReportItem> should render component with props 1`] = `
<ion-col>
  <ion-card
    color="primary"
    onClick={[Function]}
  >
    <ion-card-header>
      <ion-card-title>
        Report 
        18
        :
      </ion-card-title>
      <ion-text>
        19/9/2022 Weekly #18.pdf
      </ion-text>
    </ion-card-header>
    <ion-item
      color="tertiary"
      onClick={[Function]}
    >
      <ion-button
        color="secondary"
        fill="solid"
        onClick={[Function]}
        slot="end"
      >
        View
      </ion-button>
    </ion-item>
  </ion-card>
</ion-col>
`;
